// Jest Snapshot v1, https://goo.gl/fbAQLP

exports[`looks sick 1`] = `
ShallowWrapper {
  Symbol(enzyme.__root__): [Circular],
  Symbol(enzyme.__unrendered__): <App />,
  Symbol(enzyme.__renderer__): Object {
    "batchedUpdates": [Function],
    "checkPropTypes": [Function],
    "getNode": [Function],
    "render": [Function],
    "simulateError": [Function],
    "simulateEvent": [Function],
    "unmount": [Function],
  },
  Symbol(enzyme.__node__): Object {
    "instance": null,
    "key": undefined,
    "nodeType": "host",
    "props": Object {
      "children": Array [
        <Profile />,
        <div
          style={
            Object {
              "display": "flex",
              "flex": 1,
              "flexDirection": "row",
              "flexWrap": "wrap",
              "justifyContent": "space-around",
            }
          }
        >
          <AboutMe
            style={
              Object {
                "flex": 2,
              }
            }
          />
          <Activity
            style={
              Object {
                "flex": 1,
              }
            }
          />
        </div>,
        <Portfolio />,
        <Contact />,
      ],
      "style": Object {
        "backgroundColor": "#335",
      },
    },
    "ref": null,
    "rendered": Array [
      Object {
        "instance": null,
        "key": undefined,
        "nodeType": "function",
        "props": Object {},
        "ref": null,
        "rendered": null,
        "type": [Function],
      },
      Object {
        "instance": null,
        "key": undefined,
        "nodeType": "host",
        "props": Object {
          "children": Array [
            <AboutMe
              style={
                Object {
                  "flex": 2,
                }
              }
            />,
            <Activity
              style={
                Object {
                  "flex": 1,
                }
              }
            />,
          ],
          "style": Object {
            "display": "flex",
            "flex": 1,
            "flexDirection": "row",
            "flexWrap": "wrap",
            "justifyContent": "space-around",
          },
        },
        "ref": null,
        "rendered": Array [
          Object {
            "instance": null,
            "key": undefined,
            "nodeType": "function",
            "props": Object {
              "style": Object {
                "flex": 2,
              },
            },
            "ref": null,
            "rendered": null,
            "type": [Function],
          },
          Object {
            "instance": null,
            "key": undefined,
            "nodeType": "function",
            "props": Object {
              "style": Object {
                "flex": 1,
              },
            },
            "ref": null,
            "rendered": null,
            "type": [Function],
          },
        ],
        "type": "div",
      },
      Object {
        "instance": null,
        "key": undefined,
        "nodeType": "function",
        "props": Object {},
        "ref": null,
        "rendered": null,
        "type": [Function],
      },
      Object {
        "instance": null,
        "key": undefined,
        "nodeType": "function",
        "props": Object {},
        "ref": null,
        "rendered": null,
        "type": [Function],
      },
    ],
    "type": "div",
  },
  Symbol(enzyme.__nodes__): Array [
    Object {
      "instance": null,
      "key": undefined,
      "nodeType": "host",
      "props": Object {
        "children": Array [
          <Profile />,
          <div
            style={
              Object {
                "display": "flex",
                "flex": 1,
                "flexDirection": "row",
                "flexWrap": "wrap",
                "justifyContent": "space-around",
              }
            }
          >
            <AboutMe
              style={
                Object {
                  "flex": 2,
                }
              }
            />
            <Activity
              style={
                Object {
                  "flex": 1,
                }
              }
            />
          </div>,
          <Portfolio />,
          <Contact />,
        ],
        "style": Object {
          "backgroundColor": "#335",
        },
      },
      "ref": null,
      "rendered": Array [
        Object {
          "instance": null,
          "key": undefined,
          "nodeType": "function",
          "props": Object {},
          "ref": null,
          "rendered": null,
          "type": [Function],
        },
        Object {
          "instance": null,
          "key": undefined,
          "nodeType": "host",
          "props": Object {
            "children": Array [
              <AboutMe
                style={
                  Object {
                    "flex": 2,
                  }
                }
              />,
              <Activity
                style={
                  Object {
                    "flex": 1,
                  }
                }
              />,
            ],
            "style": Object {
              "display": "flex",
              "flex": 1,
              "flexDirection": "row",
              "flexWrap": "wrap",
              "justifyContent": "space-around",
            },
          },
          "ref": null,
          "rendered": Array [
            Object {
              "instance": null,
              "key": undefined,
              "nodeType": "function",
              "props": Object {
                "style": Object {
                  "flex": 2,
                },
              },
              "ref": null,
              "rendered": null,
              "type": [Function],
            },
            Object {
              "instance": null,
              "key": undefined,
              "nodeType": "function",
              "props": Object {
                "style": Object {
                  "flex": 1,
                },
              },
              "ref": null,
              "rendered": null,
              "type": [Function],
            },
          ],
          "type": "div",
        },
        Object {
          "instance": null,
          "key": undefined,
          "nodeType": "function",
          "props": Object {},
          "ref": null,
          "rendered": null,
          "type": [Function],
        },
        Object {
          "instance": null,
          "key": undefined,
          "nodeType": "function",
          "props": Object {},
          "ref": null,
          "rendered": null,
          "type": [Function],
        },
      ],
      "type": "div",
    },
  ],
  Symbol(enzyme.__options__): Object {
    "adapter": ReactSixteenThreeAdapter {
      "options": Object {
        "enableComponentDidUpdateOnSetState": true,
        "legacyContextMode": "parent",
        "lifecycles": Object {
          "componentDidUpdate": Object {
            "onSetState": true,
          },
          "getChildContext": Object {
            "calledByRenderer": false,
          },
          "getDerivedStateFromProps": true,
          "getSnapshotBeforeUpdate": true,
          "setState": Object {
            "skipsComponentDidUpdateOnNullish": true,
          },
        },
      },
    },
  },
}
`;
